// Jest Snapshot v1, https://goo.gl/fbAQLP

exports[`renders correctly 1`] = `
<View
  accessible={true}
  collapsable={false}
  focusable={false}
  onClick={[Function]}
  onResponderGrant={[Function]}
  onResponderMove={[Function]}
  onResponderRelease={[Function]}
  onResponderTerminate={[Function]}
  onResponderTerminationRequest={[Function]}
  onStartShouldSetResponder={[Function]}
  style={
    {
      "opacity": 1,
    }
  }
  testID="start-buttons-TouchableOpacity"
>
  <LinearGradient
    colors={
      [
        "#1e293b",
        "#1e293b",
        "#334155",
        "#334155",
      ]
    }
    style={
      {
        "alignItems": "center",
        "backgroundColor": "#1e293b",
        "borderRadius": 10,
        "justifyContent": "center",
        "margin": 10,
        "paddingVertical": 10,
        "width": 165,
      }
    }
    testID="start-buttons-LinearGradient"
  >
    <Text
      style={
        {
          "color": "#fff",
          "fontFamily": "PressStart2P-Regular",
          "paddingTop": 5,
        }
      }
    >
      Buttons
    </Text>
  </LinearGradient>
</View>
`;
